for
(
i32
i
=
intlit
;
i
<
intlit
;
i
=
i
+
intlit
)
{
if
(
i
==
intlit
)
break
;
else
continue
;
}
i32
iteration
=
intlit
;
i32
maxIteration
=
intlit
;
while
(
iteration
<
maxIteration
)
{
i
=
i
+
intlit
;
if
(
i
*
intlit
==
maxIteration
/
intlit
)
break
;
}